// Jest Snapshot v1, https://goo.gl/fbAQLP

exports[`Test <Dashboard /> Should match snapshot 1`] = `
<div>
  <div
    class="dashboard"
  >
    <div
      class="header"
    >
      <div
        class="header-content"
      >
        <header>
          <h1
            class="header-title"
          >
            Controle Financeiro
          </h1>
        </header>
        <div
          class="header-sign-out"
        >
          <button
            class="btn btn--primary btn--full-width"
            data-testid="button"
            title="Sair"
            type="button"
          >
            Sair
          </button>
        </div>
      </div>
    </div>
    <div
      class="display-cards"
    >
      <div
        class="card"
      >
        <header
          class="card-header"
        >
          <h4
            class="card-title"
          >
            Entradas
          </h4>
          <svg
            color="royalblue"
            fill="currentColor"
            height="1em"
            stroke="currentColor"
            stroke-width="0"
            style="color: royalblue;"
            viewBox="0 0 512 512"
            width="1em"
            xmlns="http://www.w3.org/2000/svg"
          >
            <path
              d="M256 504c137 0 248-111 248-248S393 8 256 8 8 119 8 256s111 248 248 248zm0-448c110.5 0 200 89.5 200 200s-89.5 200-200 200S56 366.5 56 256 145.5 56 256 56zm20 328h-40c-6.6 0-12-5.4-12-12V256h-67c-10.7 0-16-12.9-8.5-20.5l99-99c4.7-4.7 12.3-4.7 17 0l99 99c7.6 7.6 2.2 20.5-8.5 20.5h-67v116c0 6.6-5.4 12-12 12z"
            />
          </svg>
        </header>
        <h5
          class="total"
        >
          R$ 0,00
        </h5>
      </div>
      <div
        class="card"
      >
        <header
          class="card-header"
        >
          <h4
            class="card-title"
          >
            Saídas
          </h4>
          <svg
            color="red"
            fill="currentColor"
            height="1em"
            stroke="currentColor"
            stroke-width="0"
            style="color: red;"
            viewBox="0 0 512 512"
            width="1em"
            xmlns="http://www.w3.org/2000/svg"
          >
            <path
              d="M256 8C119 8 8 119 8 256s111 248 248 248 248-111 248-248S393 8 256 8zm0 448c-110.5 0-200-89.5-200-200S145.5 56 256 56s200 89.5 200 200-89.5 200-200 200zm-32-316v116h-67c-10.7 0-16 12.9-8.5 20.5l99 99c4.7 4.7 12.3 4.7 17 0l99-99c7.6-7.6 2.2-20.5-8.5-20.5h-67V140c0-6.6-5.4-12-12-12h-40c-6.6 0-12 5.4-12 12z"
            />
          </svg>
        </header>
        <h5
          class="total"
        >
          R$ 0,00
        </h5>
      </div>
      <div
        class="card"
      >
        <header
          class="card-header"
        >
          <h4
            class="card-title"
          >
            Total
          </h4>
          <svg
            color="green"
            fill="currentColor"
            height="1em"
            stroke="currentColor"
            stroke-width="0"
            style="color: green;"
            viewBox="0 0 288 512"
            width="1em"
            xmlns="http://www.w3.org/2000/svg"
          >
            <path
              d="M209.2 233.4l-108-31.6C88.7 198.2 80 186.5 80 173.5c0-16.3 13.2-29.5 29.5-29.5h66.3c12.2 0 24.2 3.7 34.2 10.5 6.1 4.1 14.3 3.1 19.5-2l34.8-34c7.1-6.9 6.1-18.4-1.8-24.5C238 74.8 207.4 64.1 176 64V16c0-8.8-7.2-16-16-16h-32c-8.8 0-16 7.2-16 16v48h-2.5C45.8 64-5.4 118.7.5 183.6c4.2 46.1 39.4 83.6 83.8 96.6l102.5 30c12.5 3.7 21.2 15.3 21.2 28.3 0 16.3-13.2 29.5-29.5 29.5h-66.3C100 368 88 364.3 78 357.5c-6.1-4.1-14.3-3.1-19.5 2l-34.8 34c-7.1 6.9-6.1 18.4 1.8 24.5 24.5 19.2 55.1 29.9 86.5 30v48c0 8.8 7.2 16 16 16h32c8.8 0 16-7.2 16-16v-48.2c46.6-.9 90.3-28.6 105.7-72.7 21.5-61.6-14.6-124.8-72.5-141.7z"
            />
          </svg>
        </header>
        <h5
          class="total"
        >
          R$ 0,00
        </h5>
      </div>
    </div>
    <div
      class="form-transactions"
    >
      <div
        class="form-fieldset"
      >
        <label
          for="desc"
        >
          Descrição
        </label>
        <input
          class="input-primary"
          id="desc"
          placeholder="Digite a descrição"
          type="text"
          value=""
        />
      </div>
      <div
        class="form-fieldset"
      >
        <label
          for="amount"
        >
          Valor
        </label>
        <input
          class="input-primary"
          id="amount"
          min="1"
          placeholder="Digite o valor"
          type="number"
          value=""
        />
      </div>
      <div
        class="form-fieldset"
      >
        <div
          class="form-radio-group"
        >
          <div
            class="fieldset-item"
          >
            <input
              checked=""
              class="input-radio"
              id="rIncome"
              name="group1"
              type="radio"
              value=""
            />
            <label
              for="rIncome"
              title="Checar como entrada"
            >
              Entrada
            </label>
          </div>
          <div
            class="fieldset-item"
          >
            <input
              class="input-radio"
              id="rExpenses"
              name="group1"
              type="radio"
              value=""
            />
            <label
              for="rExpenses"
              title="Checar como saída"
            >
              Saída
            </label>
          </div>
        </div>
      </div>
      <div
        class="form-fieldset"
      >
        <button
          class="btn btn--primary"
          data-testid="button"
          title="Adicionar"
          type="button"
        >
          Adicionar
        </button>
      </div>
    </div>
    <div />
  </div>
</div>
`;
