// Jest Snapshot v1, https://goo.gl/fbAQLP

exports[`Test <TableTransactions /> Should match snapshot 1`] = `
<div>
  <div
    class="table"
  >
    <table
      class="table-container"
    >
      <thead>
        <tr
          class="table-titles"
        >
          <th>
            Descrição
          </th>
          <th>
            Valor
          </th>
          <th>
            Tipo
          </th>
          <th>
            Ações
          </th>
        </tr>
      </thead>
      <tbody>
        <tr
          class="table-itens"
        >
          <td />
          <td>
            R$ NaN
          </td>
          <td>
            <svg
              color="royalblue"
              fill="currentColor"
              height="1em"
              stroke="currentColor"
              stroke-width="0"
              style="color: royalblue;"
              viewBox="0 0 512 512"
              width="1em"
              xmlns="http://www.w3.org/2000/svg"
            >
              <title>
                Entrada
              </title>
              <path
                d="M256 504c137 0 248-111 248-248S393 8 256 8 8 119 8 256s111 248 248 248zm0-448c110.5 0 200 89.5 200 200s-89.5 200-200 200S56 366.5 56 256 145.5 56 256 56zm20 328h-40c-6.6 0-12-5.4-12-12V256h-67c-10.7 0-16-12.9-8.5-20.5l99-99c4.7-4.7 12.3-4.7 17 0l99 99c7.6 7.6 2.2 20.5-8.5 20.5h-67v116c0 6.6-5.4 12-12 12z"
              />
            </svg>
          </td>
          <td>
            <svg
              color="gray"
              fill="currentColor"
              height="1em"
              stroke="currentColor"
              stroke-width="0"
              style="color: gray;"
              viewBox="0 0 448 512"
              width="1em"
              xmlns="http://www.w3.org/2000/svg"
            >
              <title>
                Remover item
              </title>
              <path
                d="M432 32H312l-9.4-18.7A24 24 0 0 0 281.1 0H166.8a23.72 23.72 0 0 0-21.4 13.3L136 32H16A16 16 0 0 0 0 48v32a16 16 0 0 0 16 16h416a16 16 0 0 0 16-16V48a16 16 0 0 0-16-16zM53.2 467a48 48 0 0 0 47.9 45h245.8a48 48 0 0 0 47.9-45L416 128H32z"
              />
            </svg>
          </td>
        </tr>
      </tbody>
    </table>
  </div>
  ,
</div>
`;
